// Jest Snapshot v1, https://goo.gl/fbAQLP

exports[`Spectres Renders empty 1`] = `
<div
  className="css-bkjqz6 e9pbz0x0"
>
  You are alone
</div>
`;

exports[`Spectres Renders with spectres 1`] = `
<div
  className="css-bkjqz6 e9pbz0x0"
>
  <div
    className="css-11ze7cv e9pbz0x1"
  >
    <div>
      <div
        className="css-ocvors e18btvrt1"
      >
        <div
          className="css-iil78m e18btvrt0"
        />
        <div
          className="css-iil78m e18btvrt0"
        />
        <div
          className="css-iil78m e18btvrt0"
        />
        <div
          className="css-iil78m e18btvrt0"
        />
        <div
          className="css-iil78m e18btvrt0"
        />
        <div
          className="css-iil78m e18btvrt0"
        />
        <div
          className="css-iil78m e18btvrt0"
        />
        <div
          className="css-iil78m e18btvrt0"
        />
        <div
          className="css-iil78m e18btvrt0"
        />
        <div
          className="css-iil78m e18btvrt0"
        />
      </div>
      <div
        className="css-ocvors e18btvrt1"
      >
        <div
          className="css-iil78m e18btvrt0"
        />
        <div
          className="css-iil78m e18btvrt0"
        />
        <div
          className="css-iil78m e18btvrt0"
        />
        <div
          className="css-iil78m e18btvrt0"
        />
        <div
          className="css-iil78m e18btvrt0"
        />
        <div
          className="css-iil78m e18btvrt0"
        />
        <div
          className="css-iil78m e18btvrt0"
        />
        <div
          className="css-iil78m e18btvrt0"
        />
        <div
          className="css-iil78m e18btvrt0"
        />
        <div
          className="css-iil78m e18btvrt0"
        />
      </div>
      <div
        className="css-ocvors e18btvrt1"
      >
        <div
          className="css-iil78m e18btvrt0"
        />
        <div
          className="css-iil78m e18btvrt0"
        />
        <div
          className="css-iil78m e18btvrt0"
        />
        <div
          className="css-iil78m e18btvrt0"
        />
        <div
          className="css-iil78m e18btvrt0"
        />
        <div
          className="css-iil78m e18btvrt0"
        />
        <div
          className="css-iil78m e18btvrt0"
        />
        <div
          className="css-iil78m e18btvrt0"
        />
        <div
          className="css-iil78m e18btvrt0"
        />
        <div
          className="css-iil78m e18btvrt0"
        />
      </div>
      <div
        className="css-ocvors e18btvrt1"
      >
        <div
          className="css-iil78m e18btvrt0"
        />
        <div
          className="css-iil78m e18btvrt0"
        />
        <div
          className="css-iil78m e18btvrt0"
        />
        <div
          className="css-iil78m e18btvrt0"
        />
        <div
          className="css-iil78m e18btvrt0"
        />
        <div
          className="css-iil78m e18btvrt0"
        />
        <div
          className="css-iil78m e18btvrt0"
        />
        <div
          className="css-iil78m e18btvrt0"
        />
        <div
          className="css-iil78m e18btvrt0"
        />
        <div
          className="css-iil78m e18btvrt0"
        />
      </div>
      <div
        className="css-ocvors e18btvrt1"
      >
        <div
          className="css-iil78m e18btvrt0"
        />
        <div
          className="css-iil78m e18btvrt0"
        />
        <div
          className="css-iil78m e18btvrt0"
        />
        <div
          className="css-iil78m e18btvrt0"
        />
        <div
          className="css-iil78m e18btvrt0"
        />
        <div
          className="css-iil78m e18btvrt0"
        />
        <div
          className="css-iil78m e18btvrt0"
        />
        <div
          className="css-iil78m e18btvrt0"
        />
        <div
          className="css-iil78m e18btvrt0"
        />
        <div
          className="css-iil78m e18btvrt0"
        />
      </div>
      <div
        className="css-ocvors e18btvrt1"
      >
        <div
          className="css-iil78m e18btvrt0"
        />
        <div
          className="css-iil78m e18btvrt0"
        />
        <div
          className="css-iil78m e18btvrt0"
        />
        <div
          className="css-iil78m e18btvrt0"
        />
        <div
          className="css-iil78m e18btvrt0"
        />
        <div
          className="css-iil78m e18btvrt0"
        />
        <div
          className="css-iil78m e18btvrt0"
        />
        <div
          className="css-iil78m e18btvrt0"
        />
        <div
          className="css-iil78m e18btvrt0"
        />
        <div
          className="css-iil78m e18btvrt0"
        />
      </div>
      <div
        className="css-ocvors e18btvrt1"
      >
        <div
          className="css-iil78m e18btvrt0"
        />
        <div
          className="css-iil78m e18btvrt0"
        />
        <div
          className="css-iil78m e18btvrt0"
        />
        <div
          className="css-iil78m e18btvrt0"
        />
        <div
          className="css-iil78m e18btvrt0"
        />
        <div
          className="css-iil78m e18btvrt0"
        />
        <div
          className="css-iil78m e18btvrt0"
        />
        <div
          className="css-iil78m e18btvrt0"
        />
        <div
          className="css-iil78m e18btvrt0"
        />
        <div
          className="css-iil78m e18btvrt0"
        />
      </div>
      <div
        className="css-ocvors e18btvrt1"
      >
        <div
          className="css-iil78m e18btvrt0"
        />
        <div
          className="css-iil78m e18btvrt0"
        />
        <div
          className="css-iil78m e18btvrt0"
        />
        <div
          className="css-iil78m e18btvrt0"
        />
        <div
          className="css-iil78m e18btvrt0"
        />
        <div
          className="css-iil78m e18btvrt0"
        />
        <div
          className="css-iil78m e18btvrt0"
        />
        <div
          className="css-iil78m e18btvrt0"
        />
        <div
          className="css-iil78m e18btvrt0"
        />
        <div
          className="css-iil78m e18btvrt0"
        />
      </div>
      <div
        className="css-ocvors e18btvrt1"
      >
        <div
          className="css-iil78m e18btvrt0"
        />
        <div
          className="css-iil78m e18btvrt0"
        />
        <div
          className="css-iil78m e18btvrt0"
        />
        <div
          className="css-iil78m e18btvrt0"
        />
        <div
          className="css-iil78m e18btvrt0"
        />
        <div
          className="css-iil78m e18btvrt0"
        />
        <div
          className="css-iil78m e18btvrt0"
        />
        <div
          className="css-iil78m e18btvrt0"
        />
        <div
          className="css-iil78m e18btvrt0"
        />
        <div
          className="css-iil78m e18btvrt0"
        />
      </div>
      <div
        className="css-ocvors e18btvrt1"
      >
        <div
          className="css-iil78m e18btvrt0"
        />
        <div
          className="css-iil78m e18btvrt0"
        />
        <div
          className="css-iil78m e18btvrt0"
        />
        <div
          className="css-iil78m e18btvrt0"
        />
        <div
          className="css-iil78m e18btvrt0"
        />
        <div
          className="css-iil78m e18btvrt0"
        />
        <div
          className="css-iil78m e18btvrt0"
        />
        <div
          className="css-iil78m e18btvrt0"
        />
        <div
          className="css-iil78m e18btvrt0"
        />
        <div
          className="css-iil78m e18btvrt0"
        />
      </div>
      <div
        className="css-ocvors e18btvrt1"
      >
        <div
          className="css-iil78m e18btvrt0"
        />
        <div
          className="css-iil78m e18btvrt0"
        />
        <div
          className="css-iil78m e18btvrt0"
        />
        <div
          className="css-iil78m e18btvrt0"
        />
        <div
          className="css-iil78m e18btvrt0"
        />
        <div
          className="css-iil78m e18btvrt0"
        />
        <div
          className="css-iil78m e18btvrt0"
        />
        <div
          className="css-iil78m e18btvrt0"
        />
        <div
          className="css-iil78m e18btvrt0"
        />
        <div
          className="css-iil78m e18btvrt0"
        />
      </div>
      <div
        className="css-ocvors e18btvrt1"
      >
        <div
          className="css-iil78m e18btvrt0"
        />
        <div
          className="css-iil78m e18btvrt0"
        />
        <div
          className="css-iil78m e18btvrt0"
        />
        <div
          className="css-iil78m e18btvrt0"
        />
        <div
          className="css-iil78m e18btvrt0"
        />
        <div
          className="css-iil78m e18btvrt0"
        />
        <div
          className="css-iil78m e18btvrt0"
        />
        <div
          className="css-iil78m e18btvrt0"
        />
        <div
          className="css-iil78m e18btvrt0"
        />
        <div
          className="css-iil78m e18btvrt0"
        />
      </div>
      <div
        className="css-ocvors e18btvrt1"
      >
        <div
          className="css-iil78m e18btvrt0"
        />
        <div
          className="css-iil78m e18btvrt0"
        />
        <div
          className="css-iil78m e18btvrt0"
        />
        <div
          className="css-iil78m e18btvrt0"
        />
        <div
          className="css-iil78m e18btvrt0"
        />
        <div
          className="css-iil78m e18btvrt0"
        />
        <div
          className="css-iil78m e18btvrt0"
        />
        <div
          className="css-iil78m e18btvrt0"
        />
        <div
          className="css-iil78m e18btvrt0"
        />
        <div
          className="css-iil78m e18btvrt0"
        />
      </div>
      <div
        className="css-ocvors e18btvrt1"
      >
        <div
          className="css-iil78m e18btvrt0"
        />
        <div
          className="css-iil78m e18btvrt0"
        />
        <div
          className="css-iil78m e18btvrt0"
        />
        <div
          className="css-iil78m e18btvrt0"
        />
        <div
          className="css-iil78m e18btvrt0"
        />
        <div
          className="css-iil78m e18btvrt0"
        />
        <div
          className="css-iil78m e18btvrt0"
        />
        <div
          className="css-iil78m e18btvrt0"
        />
        <div
          className="css-iil78m e18btvrt0"
        />
        <div
          className="css-iil78m e18btvrt0"
        />
      </div>
      <div
        className="css-ocvors e18btvrt1"
      >
        <div
          className="css-iil78m e18btvrt0"
        />
        <div
          className="css-iil78m e18btvrt0"
        />
        <div
          className="css-iil78m e18btvrt0"
        />
        <div
          className="css-iil78m e18btvrt0"
        />
        <div
          className="css-iil78m e18btvrt0"
        />
        <div
          className="css-iil78m e18btvrt0"
        />
        <div
          className="css-iil78m e18btvrt0"
        />
        <div
          className="css-iil78m e18btvrt0"
        />
        <div
          className="css-iil78m e18btvrt0"
        />
        <div
          className="css-iil78m e18btvrt0"
        />
      </div>
      <div
        className="css-ocvors e18btvrt1"
      >
        <div
          className="css-iil78m e18btvrt0"
        />
        <div
          className="css-iil78m e18btvrt0"
        />
        <div
          className="css-iil78m e18btvrt0"
        />
        <div
          className="css-iil78m e18btvrt0"
        />
        <div
          className="css-iil78m e18btvrt0"
        />
        <div
          className="css-iil78m e18btvrt0"
        />
        <div
          className="css-iil78m e18btvrt0"
        />
        <div
          className="css-iil78m e18btvrt0"
        />
        <div
          className="css-iil78m e18btvrt0"
        />
        <div
          className="css-iil78m e18btvrt0"
        />
      </div>
      <div
        className="css-ocvors e18btvrt1"
      >
        <div
          className="css-iil78m e18btvrt0"
        />
        <div
          className="css-iil78m e18btvrt0"
        />
        <div
          className="css-iil78m e18btvrt0"
        />
        <div
          className="css-iil78m e18btvrt0"
        />
        <div
          className="css-iil78m e18btvrt0"
        />
        <div
          className="css-iil78m e18btvrt0"
        />
        <div
          className="css-iil78m e18btvrt0"
        />
        <div
          className="css-iil78m e18btvrt0"
        />
        <div
          className="css-iil78m e18btvrt0"
        />
        <div
          className="css-iil78m e18btvrt0"
        />
      </div>
      <div
        className="css-ocvors e18btvrt1"
      >
        <div
          className="css-iil78m e18btvrt0"
        />
        <div
          className="css-iil78m e18btvrt0"
        />
        <div
          className="css-iil78m e18btvrt0"
        />
        <div
          className="css-iil78m e18btvrt0"
        />
        <div
          className="css-iil78m e18btvrt0"
        />
        <div
          className="css-iil78m e18btvrt0"
        />
        <div
          className="css-iil78m e18btvrt0"
        />
        <div
          className="css-iil78m e18btvrt0"
        />
        <div
          className="css-iil78m e18btvrt0"
        />
        <div
          className="css-iil78m e18btvrt0"
        />
      </div>
      <div
        className="css-ocvors e18btvrt1"
      >
        <div
          className="css-iil78m e18btvrt0"
        />
        <div
          className="css-iil78m e18btvrt0"
        />
        <div
          className="css-iil78m e18btvrt0"
        />
        <div
          className="css-iil78m e18btvrt0"
        />
        <div
          className="css-iil78m e18btvrt0"
        />
        <div
          className="css-iil78m e18btvrt0"
        />
        <div
          className="css-iil78m e18btvrt0"
        />
        <div
          className="css-iil78m e18btvrt0"
        />
        <div
          className="css-iil78m e18btvrt0"
        />
        <div
          className="css-iil78m e18btvrt0"
        />
      </div>
      <div
        className="css-ocvors e18btvrt1"
      >
        <div
          className="css-iil78m e18btvrt0"
        />
        <div
          className="css-iil78m e18btvrt0"
        />
        <div
          className="css-iil78m e18btvrt0"
        />
        <div
          className="css-iil78m e18btvrt0"
        />
        <div
          className="css-iil78m e18btvrt0"
        />
        <div
          className="css-iil78m e18btvrt0"
        />
        <div
          className="css-iil78m e18btvrt0"
        />
        <div
          className="css-iil78m e18btvrt0"
        />
        <div
          className="css-iil78m e18btvrt0"
        />
        <div
          className="css-iil78m e18btvrt0"
        />
      </div>
    </div>
  </div>
  <div
    className="css-11ze7cv e9pbz0x1"
  >
    <div>
      <div
        className="css-ocvors e18btvrt1"
      >
        <div
          className="css-iil78m e18btvrt0"
        />
        <div
          className="css-iil78m e18btvrt0"
        />
        <div
          className="css-iil78m e18btvrt0"
        />
        <div
          className="css-iil78m e18btvrt0"
        />
        <div
          className="css-iil78m e18btvrt0"
        />
        <div
          className="css-iil78m e18btvrt0"
        />
        <div
          className="css-iil78m e18btvrt0"
        />
        <div
          className="css-iil78m e18btvrt0"
        />
        <div
          className="css-iil78m e18btvrt0"
        />
        <div
          className="css-iil78m e18btvrt0"
        />
      </div>
      <div
        className="css-ocvors e18btvrt1"
      >
        <div
          className="css-iil78m e18btvrt0"
        />
        <div
          className="css-iil78m e18btvrt0"
        />
        <div
          className="css-iil78m e18btvrt0"
        />
        <div
          className="css-iil78m e18btvrt0"
        />
        <div
          className="css-iil78m e18btvrt0"
        />
        <div
          className="css-iil78m e18btvrt0"
        />
        <div
          className="css-iil78m e18btvrt0"
        />
        <div
          className="css-iil78m e18btvrt0"
        />
        <div
          className="css-iil78m e18btvrt0"
        />
        <div
          className="css-iil78m e18btvrt0"
        />
      </div>
      <div
        className="css-ocvors e18btvrt1"
      >
        <div
          className="css-iil78m e18btvrt0"
        />
        <div
          className="css-iil78m e18btvrt0"
        />
        <div
          className="css-iil78m e18btvrt0"
        />
        <div
          className="css-iil78m e18btvrt0"
        />
        <div
          className="css-iil78m e18btvrt0"
        />
        <div
          className="css-iil78m e18btvrt0"
        />
        <div
          className="css-iil78m e18btvrt0"
        />
        <div
          className="css-iil78m e18btvrt0"
        />
        <div
          className="css-iil78m e18btvrt0"
        />
        <div
          className="css-iil78m e18btvrt0"
        />
      </div>
      <div
        className="css-ocvors e18btvrt1"
      >
        <div
          className="css-iil78m e18btvrt0"
        />
        <div
          className="css-iil78m e18btvrt0"
        />
        <div
          className="css-iil78m e18btvrt0"
        />
        <div
          className="css-iil78m e18btvrt0"
        />
        <div
          className="css-iil78m e18btvrt0"
        />
        <div
          className="css-iil78m e18btvrt0"
        />
        <div
          className="css-iil78m e18btvrt0"
        />
        <div
          className="css-iil78m e18btvrt0"
        />
        <div
          className="css-iil78m e18btvrt0"
        />
        <div
          className="css-iil78m e18btvrt0"
        />
      </div>
      <div
        className="css-ocvors e18btvrt1"
      >
        <div
          className="css-iil78m e18btvrt0"
        />
        <div
          className="css-iil78m e18btvrt0"
        />
        <div
          className="css-iil78m e18btvrt0"
        />
        <div
          className="css-iil78m e18btvrt0"
        />
        <div
          className="css-iil78m e18btvrt0"
        />
        <div
          className="css-iil78m e18btvrt0"
        />
        <div
          className="css-iil78m e18btvrt0"
        />
        <div
          className="css-iil78m e18btvrt0"
        />
        <div
          className="css-iil78m e18btvrt0"
        />
        <div
          className="css-iil78m e18btvrt0"
        />
      </div>
      <div
        className="css-ocvors e18btvrt1"
      >
        <div
          className="css-iil78m e18btvrt0"
        />
        <div
          className="css-iil78m e18btvrt0"
        />
        <div
          className="css-iil78m e18btvrt0"
        />
        <div
          className="css-iil78m e18btvrt0"
        />
        <div
          className="css-iil78m e18btvrt0"
        />
        <div
          className="css-iil78m e18btvrt0"
        />
        <div
          className="css-iil78m e18btvrt0"
        />
        <div
          className="css-iil78m e18btvrt0"
        />
        <div
          className="css-iil78m e18btvrt0"
        />
        <div
          className="css-iil78m e18btvrt0"
        />
      </div>
      <div
        className="css-ocvors e18btvrt1"
      >
        <div
          className="css-iil78m e18btvrt0"
        />
        <div
          className="css-iil78m e18btvrt0"
        />
        <div
          className="css-iil78m e18btvrt0"
        />
        <div
          className="css-iil78m e18btvrt0"
        />
        <div
          className="css-iil78m e18btvrt0"
        />
        <div
          className="css-iil78m e18btvrt0"
        />
        <div
          className="css-iil78m e18btvrt0"
        />
        <div
          className="css-iil78m e18btvrt0"
        />
        <div
          className="css-iil78m e18btvrt0"
        />
        <div
          className="css-iil78m e18btvrt0"
        />
      </div>
      <div
        className="css-ocvors e18btvrt1"
      >
        <div
          className="css-iil78m e18btvrt0"
        />
        <div
          className="css-iil78m e18btvrt0"
        />
        <div
          className="css-iil78m e18btvrt0"
        />
        <div
          className="css-iil78m e18btvrt0"
        />
        <div
          className="css-iil78m e18btvrt0"
        />
        <div
          className="css-iil78m e18btvrt0"
        />
        <div
          className="css-iil78m e18btvrt0"
        />
        <div
          className="css-iil78m e18btvrt0"
        />
        <div
          className="css-iil78m e18btvrt0"
        />
        <div
          className="css-iil78m e18btvrt0"
        />
      </div>
      <div
        className="css-ocvors e18btvrt1"
      >
        <div
          className="css-iil78m e18btvrt0"
        />
        <div
          className="css-iil78m e18btvrt0"
        />
        <div
          className="css-iil78m e18btvrt0"
        />
        <div
          className="css-iil78m e18btvrt0"
        />
        <div
          className="css-iil78m e18btvrt0"
        />
        <div
          className="css-iil78m e18btvrt0"
        />
        <div
          className="css-iil78m e18btvrt0"
        />
        <div
          className="css-iil78m e18btvrt0"
        />
        <div
          className="css-iil78m e18btvrt0"
        />
        <div
          className="css-iil78m e18btvrt0"
        />
      </div>
      <div
        className="css-ocvors e18btvrt1"
      >
        <div
          className="css-iil78m e18btvrt0"
        />
        <div
          className="css-iil78m e18btvrt0"
        />
        <div
          className="css-iil78m e18btvrt0"
        />
        <div
          className="css-iil78m e18btvrt0"
        />
        <div
          className="css-iil78m e18btvrt0"
        />
        <div
          className="css-iil78m e18btvrt0"
        />
        <div
          className="css-iil78m e18btvrt0"
        />
        <div
          className="css-iil78m e18btvrt0"
        />
        <div
          className="css-iil78m e18btvrt0"
        />
        <div
          className="css-iil78m e18btvrt0"
        />
      </div>
      <div
        className="css-ocvors e18btvrt1"
      >
        <div
          className="css-iil78m e18btvrt0"
        />
        <div
          className="css-iil78m e18btvrt0"
        />
        <div
          className="css-iil78m e18btvrt0"
        />
        <div
          className="css-iil78m e18btvrt0"
        />
        <div
          className="css-iil78m e18btvrt0"
        />
        <div
          className="css-iil78m e18btvrt0"
        />
        <div
          className="css-iil78m e18btvrt0"
        />
        <div
          className="css-iil78m e18btvrt0"
        />
        <div
          className="css-iil78m e18btvrt0"
        />
        <div
          className="css-iil78m e18btvrt0"
        />
      </div>
      <div
        className="css-ocvors e18btvrt1"
      >
        <div
          className="css-iil78m e18btvrt0"
        />
        <div
          className="css-iil78m e18btvrt0"
        />
        <div
          className="css-iil78m e18btvrt0"
        />
        <div
          className="css-iil78m e18btvrt0"
        />
        <div
          className="css-iil78m e18btvrt0"
        />
        <div
          className="css-iil78m e18btvrt0"
        />
        <div
          className="css-iil78m e18btvrt0"
        />
        <div
          className="css-iil78m e18btvrt0"
        />
        <div
          className="css-iil78m e18btvrt0"
        />
        <div
          className="css-iil78m e18btvrt0"
        />
      </div>
      <div
        className="css-ocvors e18btvrt1"
      >
        <div
          className="css-iil78m e18btvrt0"
        />
        <div
          className="css-iil78m e18btvrt0"
        />
        <div
          className="css-iil78m e18btvrt0"
        />
        <div
          className="css-iil78m e18btvrt0"
        />
        <div
          className="css-iil78m e18btvrt0"
        />
        <div
          className="css-iil78m e18btvrt0"
        />
        <div
          className="css-iil78m e18btvrt0"
        />
        <div
          className="css-iil78m e18btvrt0"
        />
        <div
          className="css-iil78m e18btvrt0"
        />
        <div
          className="css-iil78m e18btvrt0"
        />
      </div>
      <div
        className="css-ocvors e18btvrt1"
      >
        <div
          className="css-iil78m e18btvrt0"
        />
        <div
          className="css-iil78m e18btvrt0"
        />
        <div
          className="css-iil78m e18btvrt0"
        />
        <div
          className="css-iil78m e18btvrt0"
        />
        <div
          className="css-iil78m e18btvrt0"
        />
        <div
          className="css-iil78m e18btvrt0"
        />
        <div
          className="css-iil78m e18btvrt0"
        />
        <div
          className="css-iil78m e18btvrt0"
        />
        <div
          className="css-iil78m e18btvrt0"
        />
        <div
          className="css-iil78m e18btvrt0"
        />
      </div>
      <div
        className="css-ocvors e18btvrt1"
      >
        <div
          className="css-iil78m e18btvrt0"
        />
        <div
          className="css-iil78m e18btvrt0"
        />
        <div
          className="css-iil78m e18btvrt0"
        />
        <div
          className="css-iil78m e18btvrt0"
        />
        <div
          className="css-iil78m e18btvrt0"
        />
        <div
          className="css-iil78m e18btvrt0"
        />
        <div
          className="css-iil78m e18btvrt0"
        />
        <div
          className="css-iil78m e18btvrt0"
        />
        <div
          className="css-iil78m e18btvrt0"
        />
        <div
          className="css-iil78m e18btvrt0"
        />
      </div>
      <div
        className="css-ocvors e18btvrt1"
      >
        <div
          className="css-iil78m e18btvrt0"
        />
        <div
          className="css-iil78m e18btvrt0"
        />
        <div
          className="css-iil78m e18btvrt0"
        />
        <div
          className="css-iil78m e18btvrt0"
        />
        <div
          className="css-iil78m e18btvrt0"
        />
        <div
          className="css-iil78m e18btvrt0"
        />
        <div
          className="css-iil78m e18btvrt0"
        />
        <div
          className="css-iil78m e18btvrt0"
        />
        <div
          className="css-iil78m e18btvrt0"
        />
        <div
          className="css-iil78m e18btvrt0"
        />
      </div>
      <div
        className="css-ocvors e18btvrt1"
      >
        <div
          className="css-iil78m e18btvrt0"
        />
        <div
          className="css-iil78m e18btvrt0"
        />
        <div
          className="css-iil78m e18btvrt0"
        />
        <div
          className="css-iil78m e18btvrt0"
        />
        <div
          className="css-iil78m e18btvrt0"
        />
        <div
          className="css-iil78m e18btvrt0"
        />
        <div
          className="css-iil78m e18btvrt0"
        />
        <div
          className="css-iil78m e18btvrt0"
        />
        <div
          className="css-iil78m e18btvrt0"
        />
        <div
          className="css-iil78m e18btvrt0"
        />
      </div>
      <div
        className="css-ocvors e18btvrt1"
      >
        <div
          className="css-iil78m e18btvrt0"
        />
        <div
          className="css-iil78m e18btvrt0"
        />
        <div
          className="css-iil78m e18btvrt0"
        />
        <div
          className="css-iil78m e18btvrt0"
        />
        <div
          className="css-iil78m e18btvrt0"
        />
        <div
          className="css-iil78m e18btvrt0"
        />
        <div
          className="css-iil78m e18btvrt0"
        />
        <div
          className="css-iil78m e18btvrt0"
        />
        <div
          className="css-iil78m e18btvrt0"
        />
        <div
          className="css-iil78m e18btvrt0"
        />
      </div>
      <div
        className="css-ocvors e18btvrt1"
      >
        <div
          className="css-iil78m e18btvrt0"
        />
        <div
          className="css-iil78m e18btvrt0"
        />
        <div
          className="css-iil78m e18btvrt0"
        />
        <div
          className="css-iil78m e18btvrt0"
        />
        <div
          className="css-iil78m e18btvrt0"
        />
        <div
          className="css-iil78m e18btvrt0"
        />
        <div
          className="css-iil78m e18btvrt0"
        />
        <div
          className="css-iil78m e18btvrt0"
        />
        <div
          className="css-iil78m e18btvrt0"
        />
        <div
          className="css-iil78m e18btvrt0"
        />
      </div>
      <div
        className="css-ocvors e18btvrt1"
      >
        <div
          className="css-iil78m e18btvrt0"
        />
        <div
          className="css-iil78m e18btvrt0"
        />
        <div
          className="css-iil78m e18btvrt0"
        />
        <div
          className="css-iil78m e18btvrt0"
        />
        <div
          className="css-iil78m e18btvrt0"
        />
        <div
          className="css-iil78m e18btvrt0"
        />
        <div
          className="css-iil78m e18btvrt0"
        />
        <div
          className="css-iil78m e18btvrt0"
        />
        <div
          className="css-iil78m e18btvrt0"
        />
        <div
          className="css-iil78m e18btvrt0"
        />
      </div>
    </div>
  </div>
</div>
`;
